=== Starting iteration 1 of 10 at Mon Feb  2 22:32:01 JST 2026 ===
Batch complete. Here's the session summary:

## Session Summary: Inline Links

**Entries processed**: 00053-00058 (6 entries)

### Entries Modified
- 00053_gakka: 3 examples linked
- 00054_gakkari: 5 examples linked
- 00055_gakkou: 5 examples linked  
- 00056_gakunen: 3 examples linked
- 00057_gaman: 3 examples linked
- 00058_gamu: 3 examples linked

### Words Marked `noentry` (candidates for future entries)
- 十分/じゅっぷん (ten minutes - as counter)
- だ (plain copula)
- ミント (mint)

### Notes
- Compound 運転免許 was split into separate links for 運転 and 免許
- Conjugated forms linked to dictionary forms (した→する, できない→できる, etc.)
- Headwords correctly excluded from links in their own entries

### Next Entry
00059
=== Completed iteration 1 ===
=== Starting iteration 2 of 10 at Mon Feb  2 22:37:04 JST 2026 ===
